// Jest Snapshot v1, https://goo.gl/fbAQLP

exports[`Header matches snapshot 1`] = `
<div><a href="#main-content" class="usa-skipnav">Skip to main content</a>
  <div class="tw-hidden">
    <div class="usa-nav is-visible usa-overlay is-visible"></div>
  </div>
  <div class="usa-overlay"></div>
  <header class="usa-header usa-header--basic">
    <div class="usa-nav-container">
      <div class="usa-navbar">
        <div id="basic-logo" class="usa-logo"><em class="usa-logo__text"><a href="/" title="Home" aria-label="Home"></a></em></div> <button class="usa-menu-btn">
          Menu
        </button>
      </div>
      <nav aria-label="Primary navigation" class="usa-nav"><button class="usa-nav__close"><img src="~/assets/images/close.svg" alt="close"></button>
        <ul class="usa-nav__primary usa-accordion">
          <li class="usa-nav__primary-item"><button aria-expanded="false" aria-controls="basic-nav-section-one" class="usa-accordion__button usa-nav__link"><span>Voting</span></button>
            <ul id="basic-nav-section-one" hidden="hidden" class="usa-nav__submenu">
              <li class="usa-nav__submenu-item"><a href="#">
                  Your National Representatives</a></li>
              <li class="usa-nav__submenu-item"><a href="#"> US Senators</a></li>
              <li class="usa-nav__submenu-item"><a href="#">
                  Members Of US Congress</a></li>
              <li class="usa-nav__submenu-item"><a href="#">
                  State Representatives</a></li>
              <li class="usa-nav__submenu-item"><a href="#">
                  Local Representatives</a></li>
            </ul>
          </li>
          <li class="usa-nav__primary-item"><button aria-expanded="false" aria-controls="basic-nav-section-two" class="usa-accordion__button usa-nav__link"><span>UBI</span></button>
            <ul id="basic-nav-section-two" hidden="hidden" class="usa-nav__submenu">
              <li class="usa-nav__submenu-item"><a href="#">
                  File for Universal Basic Income</a></li>
              <li class="usa-nav__submenu-item"><a href="#">
                  Connect A Bank Account</a></li>
            </ul>
          </li>
        </ul>
        <form role="search" class="usa-search usa-search--small"><label for="basic-search-field-small" class="usa-sr-only">Search small</label> <input id="basic-search-field-small" type="search" name="search" class="usa-input"> <button type="submit" class="usa-button"><span class="usa-sr-only">Search</span></button></form>
      </nav>
    </div>
  </header>
</div>
`;
